Godot Engine v4.3.stable.official.77dcf97d8 - https://godotengine.org

reimport: begin: Ré-importation des assets steps: 1
	reimport: step 0: blockout1.png
reimport: end
savepack: begin: Empaquetage steps: 102
	savepack: step 2: Stockage du fichier en cours : res://.godot/imported/blockout1.png-a03a969938cd0abd8efb783129735643.ctex
	savepack: step 2: Stockage du fichier en cours : res://_out/blockout1.png.import
	savepack: step 5: Stockage du fichier en cours : res://.godot/imported/frame0.png-331389e0c9966994a2ae68c6600c6d7f.ctex
	savepack: step 5: Stockage du fichier en cours : res://_out/frame0.png.import
	savepack: step 9: Stockage du fichier en cours : res://.godot/imported/vue1.png-22cf294f0a97f8bb63adfca15d979996.ctex
	savepack: step 9: Stockage du fichier en cours : res://_out/vue1.png.import
	savepack: step 13: Stockage du fichier en cours : res://.godot/imported/vue2.png-55b21a8d6c07d4a77bbb2d23f72952ef.ctex
	savepack: step 13: Stockage du fichier en cours : res://_out/vue2.png.import
	savepack: step 17: Stockage du fichier en cours : res://.godot/imported/vue3.png-b9a36095fcc1442d6614e8bf448ad9a4.ctex
	savepack: step 17: Stockage du fichier en cours : res://_out/vue3.png.import
	savepack: step 21: Stockage du fichier en cours : res://.godot/imported/vue4.png-ea6240c0744b7aa1a0335b788c8fb950.ctex
	savepack: step 21: Stockage du fichier en cours : res://_out/vue4.png.import
	savepack: step 25: Stockage du fichier en cours : res://.godot/imported/vue_min.png-542003c712339041a25664576eccad36.ctex
	savepack: step 25: Stockage du fichier en cours : res://_out/vue_min.png.import
	savepack: step 28: Stockage du fichier en cours : res://.godot/imported/hero_milo.glb-d6a5f702fa53d8c686fff4d0bde5b098.scn
	savepack: step 28: Stockage du fichier en cours : res://assets/models/hero_milo.glb.import
	savepack: step 32: Stockage du fichier en cours : res://.godot/imported/hero_milo_texture_0.png-56df3fe438cc2f722b76374810a0cdf5.ctex
	savepack: step 32: Stockage du fichier en cours : res://assets/models/hero_milo_texture_0.png.import
	savepack: step 36: Stockage du fichier en cours : res://.godot/exported/133200997/export-61265dce49df621604b6a2340b5eebc7-blockout_vue.scn
	savepack: step 40: Stockage du fichier en cours : res://.godot/exported/133200997/export-3ad5c15c4f3250da0cc7c1af1770d85f-main.scn
	savepack: step 44: Stockage du fichier en cours : res://.godot/exported/133200997/export-35d89d0c726cb449386818470006179a-main_blockout.scn
	savepack: step 48: Stockage du fichier en cours : res://.godot/exported/133200997/export-0b5367e10f297f4ae0bdea1fcd9a003e-test_minimal.scn
	savepack: step 52: Stockage du fichier en cours : res://.godot/exported/133200997/export-d993f76c6a10febe0683a94080aee439-validation.scn
	savepack: step 55: Stockage du fichier en cours : res://scripts/arena_builder.gdc
	savepack: step 59: Stockage du fichier en cours : res://scripts/arena_camera.gdc
	savepack: step 63: Stockage du fichier en cours : res://scripts/arena_plan.gdc
	savepack: step 67: Stockage du fichier en cours : res://scripts/blockout_builder.gdc
	savepack: step 71: Stockage du fichier en cours : res://scripts/blockout_plan.gdc
	savepack: step 75: Stockage du fichier en cours : res://scripts/diagnostic.gdc
	savepack: step 78: Stockage du fichier en cours : res://scripts/main.gdc
	savepack: step 82: Stockage du fichier en cours : res://scripts/main_blockout.gdc
	savepack: step 86: Stockage du fichier en cours : res://scripts/player.gdc
	savepack: step 90: Stockage du fichier en cours : res://scripts/vue_blockout.gdc
	savepack: step 94: Stockage du fichier en cours : res://scripts/vue_test_minimal.gdc
	savepack: step 98: Stockage du fichier en cours : res://scripts/vue_validation.gdc
	savepack: step 98: Stockage du fichier en cours : res://scenes/blockout_vue.tscn.remap
	savepack: step 98: Stockage du fichier en cours : res://scenes/main.tscn.remap
	savepack: step 98: Stockage du fichier en cours : res://scenes/main_blockout.tscn.remap
	savepack: step 98: Stockage du fichier en cours : res://scenes/test_minimal.tscn.remap
	savepack: step 98: Stockage du fichier en cours : res://scenes/validation.tscn.remap
	savepack: step 98: Stockage du fichier en cours : res://scripts/arena_builder.gd.remap
	savepack: step 98: Stockage du fichier en cours : res://scripts/arena_camera.gd.remap
	savepack: step 98: Stockage du fichier en cours : res://scripts/arena_plan.gd.remap
	savepack: step 98: Stockage du fichier en cours : res://scripts/blockout_builder.gd.remap
	savepack: step 98: Stockage du fichier en cours : res://scripts/blockout_plan.gd.remap
	savepack: step 98: Stockage du fichier en cours : res://scripts/diagnostic.gd.remap
	savepack: step 98: Stockage du fichier en cours : res://scripts/main.gd.remap
	savepack: step 98: Stockage du fichier en cours : res://scripts/main_blockout.gd.remap
	savepack: step 98: Stockage du fichier en cours : res://scripts/player.gd.remap
	savepack: step 98: Stockage du fichier en cours : res://scripts/vue_blockout.gd.remap
	savepack: step 98: Stockage du fichier en cours : res://scripts/vue_test_minimal.gd.remap
	savepack: step 98: Stockage du fichier en cours : res://scripts/vue_validation.gd.remap
	savepack: step 98: Stockage du fichier en cours : res://.godot/global_script_class_cache.cfg
	savepack: step 98: Stockage du fichier en cours : res://.godot/uid_cache.bin
	savepack: step 98: Stockage du fichier en cours : res://project.binary
savepack: end
